
> zmobilreact@1.0.0 android
> expo run:android

ÔÇ║ Building app...
Configuration on demand is an incubating feature.
> Task :expo-gradle-plugin:expo-autolinking-settings-plugin:checkKotlinGradlePluginConfigurationErrors SKIPPED
> Task :expo-gradle-plugin:expo-autolinking-plugin-shared:checkKotlinGradlePluginConfigurationErrors SKIPPED
> Task :gradle-plugin:shared:checkKotlinGradlePluginConfigurationErrors SKIPPED
> Task :gradle-plugin:settings-plugin:checkKotlinGradlePluginConfigurationErrors SKIPPED
> Task :expo-gradle-plugin:expo-autolinking-settings-plugin:pluginDescriptors UP-TO-DATE
> Task :gradle-plugin:settings-plugin:pluginDescriptors UP-TO-DATE
> Task :gradle-plugin:settings-plugin:processResources UP-TO-DATE
> Task :expo-gradle-plugin:expo-autolinking-settings-plugin:processResources UP-TO-DATE
> Task :gradle-plugin:shared:compileKotlin UP-TO-DATE
> Task :expo-gradle-plugin:expo-autolinking-plugin-shared:compileKotlin UP-TO-DATE
> Task :gradle-plugin:shared:compileJava NO-SOURCE
> Task :expo-gradle-plugin:expo-autolinking-plugin-shared:compileJava NO-SOURCE
> Task :gradle-plugin:shared:processResources NO-SOURCE
> Task :gradle-plugin:shared:classes UP-TO-DATE
> Task :expo-gradle-plugin:expo-autolinking-plugin-shared:processResources NO-SOURCE
> Task :expo-gradle-plugin:expo-autolinking-plugin-shared:classes UP-TO-DATE
> Task :gradle-plugin:shared:jar UP-TO-DATE
> Task :expo-gradle-plugin:expo-autolinking-plugin-shared:jar UP-TO-DATE
> Task :expo-gradle-plugin:expo-autolinking-settings-plugin:compileKotlin UP-TO-DATE
> Task :gradle-plugin:settings-plugin:compileKotlin UP-TO-DATE
> Task :expo-gradle-plugin:expo-autolinking-settings-plugin:compileJava NO-SOURCE
> Task :expo-gradle-plugin:expo-autolinking-settings-plugin:classes UP-TO-DATE
> Task :gradle-plugin:settings-plugin:compileJava NO-SOURCE
> Task :gradle-plugin:settings-plugin:classes UP-TO-DATE
> Task :expo-gradle-plugin:expo-autolinking-settings-plugin:jar UP-TO-DATE
> Task :gradle-plugin:settings-plugin:jar UP-TO-DATE
> Task :expo-gradle-plugin:expo-autolinking-plugin:checkKotlinGradlePluginConfigurationErrors SKIPPED
> Task :gradle-plugin:react-native-gradle-plugin:checkKotlinGradlePluginConfigurationErrors SKIPPED
> Task :expo-module-gradle-plugin:checkKotlinGradlePluginConfigurationErrors SKIPPED
> Task :expo-dev-launcher-gradle-plugin:checkKotlinGradlePluginConfigurationErrors SKIPPED
> Task :expo-dev-launcher-gradle-plugin:pluginDescriptors UP-TO-DATE
> Task :expo-module-gradle-plugin:pluginDescriptors UP-TO-DATE
> Task :expo-module-gradle-plugin:processResources UP-TO-DATE
> Task :expo-dev-launcher-gradle-plugin:processResources UP-TO-DATE
> Task :expo-gradle-plugin:expo-autolinking-plugin:compileKotlin UP-TO-DATE
> Task :expo-gradle-plugin:expo-autolinking-plugin:compileJava NO-SOURCE
> Task :expo-gradle-plugin:expo-autolinking-plugin:pluginDescriptors UP-TO-DATE
> Task :gradle-plugin:react-native-gradle-plugin:compileKotlin UP-TO-DATE
> Task :expo-gradle-plugin:expo-autolinking-plugin:processResources UP-TO-DATE
> Task :expo-gradle-plugin:expo-autolinking-plugin:classes UP-TO-DATE
> Task :gradle-plugin:react-native-gradle-plugin:compileJava NO-SOURCE
> Task :gradle-plugin:react-native-gradle-plugin:pluginDescriptors UP-TO-DATE
> Task :gradle-plugin:react-native-gradle-plugin:processResources UP-TO-DATE
> Task :gradle-plugin:react-native-gradle-plugin:classes UP-TO-DATE
> Task :expo-gradle-plugin:expo-autolinking-plugin:jar UP-TO-DATE
> Task :gradle-plugin:react-native-gradle-plugin:jar UP-TO-DATE
> Task :expo-dev-launcher-gradle-plugin:compileKotlin UP-TO-DATE
> Task :expo-dev-launcher-gradle-plugin:compileJava NO-SOURCE
> Task :expo-dev-launcher-gradle-plugin:classes UP-TO-DATE
> Task :expo-module-gradle-plugin:compileKotlin UP-TO-DATE
> Task :expo-module-gradle-plugin:compileJava NO-SOURCE
> Task :expo-module-gradle-plugin:classes UP-TO-DATE
> Task :expo-dev-launcher-gradle-plugin:jar UP-TO-DATE
> Task :expo-module-gradle-plugin:jar UP-TO-DATE

> Configure project :app
 ??  [33mApplying gradle plugin[0m '[32mexpo-dev-launcher-gradle-plugin[0m'

> Configure project :
[32m[ExpoRootProject][0m Using the following versions:
  - buildTools:  [32m36.0.0[0m
  - minSdk:      [32m24[0m
  - compileSdk:  [32m36[0m
  - targetSdk:   [32m36[0m
  - ndk:         [32m27.1.12297006[0m
  - kotlin:      [32m2.1.20[0m
  - ksp:         [32m2.1.20-2.0.1[0m

> Configure project :expo

Using expo modules
  - [32mexpo-constants[0m (18.0.13)
  - [32mexpo-dev-client[0m (6.0.20)
  - [32mexpo-dev-launcher[0m (6.0.20)
  - [32mexpo-dev-menu[0m (7.0.18)
  - [32mexpo-dev-menu-interface[0m (2.0.0)
  - [32mexpo-json-utils[0m (0.15.0)
  - [32mexpo-manifests[0m (1.0.10)
  - [32mexpo-modules-core[0m (3.0.29)
  - [32mexpo-updates-interface[0m (2.0.0)
  - [33m[?][0m [32mexpo-application[0m (7.0.8)
  - [33m[?][0m [32mexpo-asset[0m (12.0.12)
  - [33m[?][0m [32mexpo-crypto[0m (15.0.8)
  - [33m[?][0m [32mexpo-file-system[0m (19.0.21)
  - [33m[?][0m [32mexpo-font[0m (14.0.11)
  - [33m[?][0m [32mexpo-keep-awake[0m (15.0.8)
  - [33m[?][0m [32mexpo-linking[0m (8.0.11)
  - [33m[?][0m [32mexpo-web-browser[0m (15.0.10)


> Task :expo-manifests:preBuild UP-TO-DATE
> Task :expo-json-utils:preBuild UP-TO-DATE
> Task :expo-dev-menu:preBuild UP-TO-DATE
> Task :expo-modules-core:preBuild UP-TO-DATE
> Task :expo-dev-menu-interface:preBuild UP-TO-DATE
> Task :expo-dev-client:preBuild UP-TO-DATE
> Task :expo-updates-interface:preBuild UP-TO-DATE
> Task :expo-dev-launcher:preBuild UP-TO-DATE
> Task :expo-json-utils:preDebugBuild UP-TO-DATE
> Task :expo-dev-menu:preDebugBuild UP-TO-DATE
> Task :expo-modules-core:preDebugBuild UP-TO-DATE
> Task :expo-manifests:preDebugBuild UP-TO-DATE
> Task :expo-dev-menu-interface:preDebugBuild UP-TO-DATE
> Task :expo-dev-client:preDebugBuild UP-TO-DATE
> Task :expo-dev-launcher:preDebugBuild UP-TO-DATE
> Task :expo-updates-interface:preDebugBuild UP-TO-DATE
> Task :expo-dev-client:generateDebugResValues FROM-CACHE
> Task :expo-json-utils:generateDebugResValues FROM-CACHE
> Task :expo-dev-menu:generateDebugResValues FROM-CACHE
> Task :expo-dev-launcher:generateDebugResValues FROM-CACHE
> Task :expo-dev-menu:writeDebugAarMetadata
> Task :expo-json-utils:writeDebugAarMetadata
> Task :expo-modules-core:writeDebugAarMetadata
> Task :expo-dev-menu-interface:generateDebugResValues FROM-CACHE
> Task :expo-manifests:generateDebugResValues FROM-CACHE
> Task :expo-updates-interface:generateDebugResValues FROM-CACHE
> Task :expo-dev-menu-interface:writeDebugAarMetadata
> Task :expo-modules-core:generateDebugResValues FROM-CACHE
> Task :expo-dev-client:writeDebugAarMetadata
> Task :expo-manifests:writeDebugAarMetadata
> Task :expo-dev-launcher:writeDebugAarMetadata
> Task :expo-updates-interface:writeDebugAarMetadata
> Task :expo-dev-client:generateDebugResources FROM-CACHE
> Task :expo-json-utils:generateDebugResources FROM-CACHE
> Task :expo-updates-interface:generateDebugResources FROM-CACHE
> Task :expo-dev-menu-interface:generateDebugResources FROM-CACHE
> Task :expo-modules-core:generateDebugResources FROM-CACHE
> Task :expo-manifests:generateDebugResources FROM-CACHE
> Task :expo-dev-launcher:generateDebugResources FROM-CACHE
> Task :expo-dev-menu:generateDebugResources FROM-CACHE
> Task :expo-dev-client:packageDebugResources FROM-CACHE
> Task :expo-json-utils:packageDebugResources FROM-CACHE
> Task :expo-manifests:packageDebugResources FROM-CACHE
> Task :expo-modules-core:packageDebugResources FROM-CACHE
> Task :expo-dev-menu-interface:packageDebugResources FROM-CACHE
> Task :expo-updates-interface:packageDebugResources FROM-CACHE
> Task :expo-json-utils:extractDeepLinksDebug FROM-CACHE
> Task :expo-dev-client:extractDeepLinksDebug FROM-CACHE
> Task :expo-manifests:extractDeepLinksDebug FROM-CACHE
> Task :expo-modules-core:extractDeepLinksDebug FROM-CACHE
> Task :expo-updates-interface:extractDeepLinksDebug FROM-CACHE
> Task :expo-dev-menu-interface:extractDeepLinksDebug FROM-CACHE
> Task :app:generateAutolinkingNewArchitectureFiles
> Task :expo-modules-core:processDebugManifest FROM-CACHE
> Task :expo-manifests:processDebugManifest FROM-CACHE
> Task :expo-json-utils:processDebugManifest FROM-CACHE
> Task :expo-dev-menu-interface:processDebugManifest FROM-CACHE
> Task :expo-dev-client:processDebugManifest FROM-CACHE
> Task :expo-updates-interface:processDebugManifest FROM-CACHE
> Task :expo-modules-core:compileDebugLibraryResources FROM-CACHE
> Task :expo-manifests:compileDebugLibraryResources FROM-CACHE
> Task :expo-json-utils:compileDebugLibraryResources FROM-CACHE
> Task :expo-dev-menu-interface:compileDebugLibraryResources FROM-CACHE
> Task :expo-updates-interface:compileDebugLibraryResources FROM-CACHE
> Task :expo-dev-client:compileDebugLibraryResources FROM-CACHE
> Task :app:generateAutolinkingPackageList
> Task :app:generateCodegenSchemaFromJavaScript SKIPPED
> Task :app:generateCodegenArtifactsFromSchema SKIPPED
> Task :expo-manifests:parseDebugLocalResources FROM-CACHE
> Task :expo-modules-core:parseDebugLocalResources FROM-CACHE
> Task :expo-json-utils:parseDebugLocalResources FROM-CACHE
> Task :expo-dev-client:parseDebugLocalResources FROM-CACHE
> Task :expo-dev-menu-interface:parseDebugLocalResources FROM-CACHE
> Task :expo-updates-interface:parseDebugLocalResources FROM-CACHE
> Task :app:generateReactNativeEntryPoint
> Task :app:preBuild
> Task :app:preDebugBuild
> Task :app:mergeDebugNativeDebugMetadata NO-SOURCE
> Task :app:checkKotlinGradlePluginConfigurationErrors SKIPPED
> Task :app:generateDebugBuildConfig FROM-CACHE
> Task :expo-modules-core:generateDebugRFile FROM-CACHE
> Task :expo-manifests:generateDebugRFile FROM-CACHE
> Task :expo-json-utils:generateDebugRFile FROM-CACHE
> Task :expo-modules-core:checkKotlinGradlePluginConfigurationErrors SKIPPED
> Task :expo-json-utils:checkKotlinGradlePluginConfigurationErrors SKIPPED
> Task :expo-manifests:checkKotlinGradlePluginConfigurationErrors SKIPPED
> Task :expo-dev-client:generateDebugRFile FROM-CACHE
> Task :expo-dev-client:checkKotlinGradlePluginConfigurationErrors SKIPPED
> Task :expo-dev-menu-interface:generateDebugRFile FROM-CACHE
> Task :expo-updates-interface:generateDebugRFile FROM-CACHE
> Task :expo-dev-menu-interface:checkKotlinGradlePluginConfigurationErrors SKIPPED
> Task :expo-updates-interface:checkKotlinGradlePluginConfigurationErrors SKIPPED
> Task :app:generateDebugResValues FROM-CACHE
> Task :expo-dev-client:dataBindingMergeDependencyArtifactsDebug
> Task :expo-modules-core:generateDebugBuildConfig FROM-CACHE
> Task :expo-manifests:generateDebugBuildConfig FROM-CACHE
> Task :expo-json-utils:generateDebugBuildConfig FROM-CACHE
> Task :expo-updates-interface:generateDebugBuildConfig FROM-CACHE
> Task :expo-dev-menu-interface:generateDebugBuildConfig FROM-CACHE
> Task :app:generateDebugResources FROM-CACHE
> Task :expo-dev-client:generateDebugBuildConfig FROM-CACHE
> Task :expo-json-utils:javaPreCompileDebug FROM-CACHE
> Task :expo-manifests:javaPreCompileDebug FROM-CACHE
> Task :expo-updates-interface:javaPreCompileDebug FROM-CACHE
> Task :expo-dev-menu-interface:javaPreCompileDebug FROM-CACHE
> Task :expo-dev-client:dataBindingGenBaseClassesDebug FROM-CACHE
> Task :expo-dev-menu-interface:mergeDebugShaders
> Task :expo-json-utils:mergeDebugShaders
> Task :expo-manifests:mergeDebugShaders
> Task :expo-updates-interface:mergeDebugShaders
> Task :expo-dev-menu-interface:compileDebugShaders NO-SOURCE
> Task :expo-json-utils:compileDebugShaders NO-SOURCE
> Task :expo-manifests:compileDebugShaders NO-SOURCE
> Task :expo-dev-menu-interface:generateDebugAssets UP-TO-DATE
> Task :expo-json-utils:generateDebugAssets UP-TO-DATE
> Task :expo-updates-interface:compileDebugShaders NO-SOURCE
> Task :expo-manifests:generateDebugAssets UP-TO-DATE
> Task :expo-updates-interface:generateDebugAssets UP-TO-DATE
> Task :expo-dev-client:javaPreCompileDebug FROM-CACHE
> Task :expo-json-utils:mergeDebugAssets
> Task :expo-manifests:mergeDebugAssets
> Task :expo-dev-menu-interface:mergeDebugAssets
> Task :expo-updates-interface:mergeDebugAssets
> Task :expo-dev-launcher:packageDebugResources FROM-CACHE
> Task :expo-dev-client:mergeDebugShaders
> Task :expo-dev-client:compileDebugShaders NO-SOURCE
> Task :expo-dev-client:generateDebugAssets UP-TO-DATE
> Task :expo-manifests:mergeDebugJniLibFolders
> Task :expo-dev-launcher:extractDeepLinksDebug FROM-CACHE
> Task :expo-json-utils:mergeDebugJniLibFolders
> Task :expo-dev-menu-interface:mergeDebugJniLibFolders
> Task :expo-updates-interface:mergeDebugJniLibFolders
> Task :expo-dev-client:mergeDebugAssets
> Task :expo-dev-menu-interface:mergeDebugNativeLibs NO-SOURCE
> Task :expo-json-utils:mergeDebugNativeLibs NO-SOURCE
> Task :expo-manifests:mergeDebugNativeLibs NO-SOURCE
> Task :expo-updates-interface:mergeDebugNativeLibs NO-SOURCE
> Task :expo-dev-menu-interface:copyDebugJniLibsProjectOnly
> Task :expo-json-utils:copyDebugJniLibsProjectOnly
> Task :expo-manifests:copyDebugJniLibsProjectOnly
> Task :expo-updates-interface:copyDebugJniLibsProjectOnly
> Task :expo-dev-client:mergeDebugJniLibFolders
> Task :expo-dev-client:mergeDebugNativeLibs NO-SOURCE
> Task :expo-dev-client:copyDebugJniLibsProjectOnly
> Task :expo-dev-menu:packageDebugResources FROM-CACHE
> Task :expo-dev-menu:extractDeepLinksDebug FROM-CACHE
> Task :expo-dev-launcher:processDebugManifest FROM-CACHE
> Task :expo-dev-menu:processDebugManifest FROM-CACHE
> Task :expo-constants:createExpoConfig
> Task :expo-constants:preBuild
> Task :expo-constants:preDebugBuild
> Task :expo-constants:generateDebugResValues FROM-CACHE
> Task :expo-constants:writeDebugAarMetadata
> Task :expo-constants:generateDebugResources FROM-CACHE
> Task :expo-constants:packageDebugResources FROM-CACHE
> Task :app:packageDebugResources FROM-CACHE
> Task :expo-constants:extractDeepLinksDebug FROM-CACHE
> Task :app:parseDebugLocalResources FROM-CACHE
> Task :app:createDebugCompatibleScreenManifests
> Task :expo-dev-launcher:compileDebugLibraryResources FROM-CACHE
> Task :app:extractDeepLinksDebug FROM-CACHE
> Task :app:javaPreCompileDebug FROM-CACHE
> Task :expo-dev-launcher:parseDebugLocalResources FROM-CACHE
> Task :expo-constants:processDebugManifest FROM-CACHE
> Task :app:mergeDebugShaders
> Task :app:compileDebugShaders NO-SOURCE
> Task :app:generateDebugAssets UP-TO-DATE
> Task :expo-constants:compileDebugLibraryResources FROM-CACHE
> Task :app:desugarDebugFileDependencies FROM-CACHE
> Task :expo-constants:parseDebugLocalResources FROM-CACHE
> Task :expo-dev-launcher:generateDebugRFile FROM-CACHE
> Task :expo-dev-launcher:checkKotlinGradlePluginConfigurationErrors SKIPPED
> Task :expo-dev-launcher:dataBindingMergeDependencyArtifactsDebug
> Task :expo-dev-launcher:generateDebugBuildConfig FROM-CACHE
> Task :expo-constants:generateDebugRFile FROM-CACHE
> Task :expo-constants:checkKotlinGradlePluginConfigurationErrors SKIPPED
> Task :expo-dev-launcher:checkApolloVersions
> Task :expo-constants:generateDebugBuildConfig FROM-CACHE
> Task :expo-dev-menu:compileDebugLibraryResources FROM-CACHE
> Task :expo-constants:javaPreCompileDebug FROM-CACHE
> Task :expo-dev-menu:parseDebugLocalResources FROM-CACHE
> Task :expo-constants:mergeDebugShaders
> Task :expo-constants:compileDebugShaders NO-SOURCE
> Task :expo-constants:generateDebugAssets UP-TO-DATE
> Task :expo-dev-launcher:generateServiceApolloOptions FROM-CACHE
> Task :expo-constants:mergeDebugAssets
> Task :expo-constants:mergeDebugJniLibFolders
> Task :expo-constants:mergeDebugNativeLibs NO-SOURCE
> Task :expo-dev-menu:generateDebugRFile FROM-CACHE
> Task :expo-dev-menu:checkKotlinGradlePluginConfigurationErrors SKIPPED
> Task :expo-constants:copyDebugJniLibsProjectOnly
> Task :expo-dev-menu:generateDebugBuildConfig FROM-CACHE
> Task :expo-dev-menu:javaPreCompileDebug FROM-CACHE
> Task :expo-dev-menu:mergeDebugShaders
> Task :expo-dev-menu:compileDebugShaders NO-SOURCE
> Task :react-native-async-storage_async-storage:generateCodegenSchemaFromJavaScript
> Task :expo-dev-menu:generateDebugAssets UP-TO-DATE
> Task :expo-dev-menu:mergeDebugAssets
> Task :expo-dev-menu:mergeDebugJniLibFolders
> Task :expo-dev-menu:mergeDebugNativeLibs NO-SOURCE
> Task :expo-dev-menu:copyDebugJniLibsProjectOnly
> Task :app:checkDebugDuplicateClasses
> Task :expo-dev-launcher:generateServiceApolloSources FROM-CACHE
> Task :expo-dev-launcher:dataBindingGenBaseClassesDebug FROM-CACHE
> Task :expo-dev-launcher:javaPreCompileDebug FROM-CACHE
> Task :expo-dev-launcher:mergeDebugShaders
> Task :expo-dev-launcher:compileDebugShaders NO-SOURCE
> Task :expo-dev-launcher:generateDebugAssets UP-TO-DATE
> Task :expo-dev-launcher:mergeDebugAssets
> Task :expo-dev-launcher:mergeDebugJniLibFolders
> Task :expo-dev-launcher:mergeDebugNativeLibs NO-SOURCE
> Task :expo-dev-launcher:copyDebugJniLibsProjectOnly
> Task :expo:generatePackagesList
> Task :expo:preBuild
> Task :expo:preDebugBuild
> Task :expo:writeDebugAarMetadata
> Task :expo:generateDebugResValues FROM-CACHE
> Task :expo:generateDebugResources FROM-CACHE
> Task :expo:packageDebugResources FROM-CACHE
> Task :expo:extractDeepLinksDebug FROM-CACHE
> Task :expo:processDebugManifest FROM-CACHE
> Task :expo:compileDebugLibraryResources FROM-CACHE
> Task :expo:parseDebugLocalResources FROM-CACHE
> Task :expo:generateDebugRFile FROM-CACHE
> Task :expo:checkKotlinGradlePluginConfigurationErrors SKIPPED
> Task :expo:generateDebugBuildConfig FROM-CACHE
> Task :expo:javaPreCompileDebug FROM-CACHE
> Task :expo:mergeDebugShaders
> Task :expo:compileDebugShaders NO-SOURCE
> Task :expo:generateDebugAssets UP-TO-DATE
> Task :expo:mergeDebugAssets
> Task :expo:mergeDebugJniLibFolders
> Task :expo:mergeDebugNativeLibs NO-SOURCE
> Task :expo:copyDebugJniLibsProjectOnly
> Task :react-native-async-storage_async-storage:generateCodegenArtifactsFromSchema
> Task :react-native-async-storage_async-storage:preBuild
> Task :react-native-async-storage_async-storage:preDebugBuild
> Task :react-native-async-storage_async-storage:writeDebugAarMetadata
> Task :react-native-async-storage_async-storage:generateDebugResValues FROM-CACHE
> Task :react-native-async-storage_async-storage:generateDebugResources FROM-CACHE
> Task :react-native-async-storage_async-storage:packageDebugResources FROM-CACHE
> Task :react-native-async-storage_async-storage:extractDeepLinksDebug FROM-CACHE
> Task :react-native-async-storage_async-storage:processDebugManifest FROM-CACHE
> Task :react-native-async-storage_async-storage:compileDebugLibraryResources FROM-CACHE
> Task :react-native-async-storage_async-storage:parseDebugLocalResources FROM-CACHE
> Task :react-native-async-storage_async-storage:generateDebugRFile FROM-CACHE
> Task :react-native-async-storage_async-storage:generateDebugBuildConfig FROM-CACHE
> Task :react-native-async-storage_async-storage:javaPreCompileDebug FROM-CACHE
> Task :react-native-async-storage_async-storage:compileDebugJavaWithJavac FROM-CACHE
> Task :react-native-async-storage_async-storage:mergeDebugShaders
> Task :react-native-async-storage_async-storage:compileDebugShaders NO-SOURCE
> Task :react-native-async-storage_async-storage:generateDebugAssets UP-TO-DATE
> Task :react-native-async-storage_async-storage:bundleLibCompileToJarDebug
> Task :react-native-async-storage_async-storage:mergeDebugAssets
> Task :react-native-async-storage_async-storage:processDebugJavaRes NO-SOURCE
> Task :react-native-async-storage_async-storage:mergeDebugJniLibFolders
> Task :react-native-async-storage_async-storage:bundleLibRuntimeToJarDebug
> Task :react-native-async-storage_async-storage:mergeDebugNativeLibs NO-SOURCE
> Task :react-native-async-storage_async-storage:copyDebugJniLibsProjectOnly
> Task :expo-modules-core:compileDebugKotlin FROM-CACHE
> Task :expo-modules-core:javaPreCompileDebug FROM-CACHE
> Task :expo-modules-core:compileDebugJavaWithJavac FROM-CACHE
> Task :expo-modules-core:mergeDebugShaders
> Task :expo-modules-core:compileDebugShaders NO-SOURCE
> Task :expo-modules-core:generateDebugAssets UP-TO-DATE
> Task :expo-modules-core:mergeDebugAssets
> Task :expo-modules-core:processDebugJavaRes
> Task :expo-modules-core:configureCMakeDebug[arm64-v8a]
> Task :expo-modules-core:bundleLibCompileToJarDebug
> Task :expo-modules-core:bundleLibRuntimeToJarDebug
> Task :app:configureCMakeDebug[arm64-v8a]
> Task :app:mapDebugSourceSetPaths
> Task :app:checkDebugAarMetadata
> Task :app:mergeDebugResources FROM-CACHE
> Task :app:processDebugMainManifest FROM-CACHE
> Task :app:processDebugManifest FROM-CACHE
> Task :app:processDebugManifestForPackage FROM-CACHE
> Task :app:processDebugResources FROM-CACHE
> Task :app:mergeDebugAssets
> Task :app:compressDebugAssets FROM-CACHE
> Task :app:mergeExtDexDebug FROM-CACHE
> Task :app:buildCMakeDebug[arm64-v8a]
> Task :expo-modules-core:buildCMakeDebug[arm64-v8a]
> Task :expo-dev-client:compileDebugKotlin NO-SOURCE
> Task :expo-dev-client:compileDebugJavaWithJavac FROM-CACHE
> Task :expo-dev-client:processDebugJavaRes NO-SOURCE
> Task :expo-dev-client:bundleLibCompileToJarDebug
> Task :expo-dev-client:bundleLibRuntimeToJarDebug
> Task :expo-modules-core:configureCMakeDebug[x86_64]
> Task :expo-json-utils:compileDebugKotlin FROM-CACHE
> Task :expo-updates-interface:compileDebugKotlin FROM-CACHE
> Task :expo-json-utils:compileDebugJavaWithJavac FROM-CACHE
> Task :expo-json-utils:bundleLibCompileToJarDebug
> Task :expo-json-utils:bundleLibRuntimeToJarDebug
> Task :expo-updates-interface:compileDebugJavaWithJavac FROM-CACHE
> Task :expo-json-utils:processDebugJavaRes
> Task :expo-updates-interface:bundleLibCompileToJarDebug
> Task :expo-updates-interface:bundleLibRuntimeToJarDebug
> Task :expo-updates-interface:processDebugJavaRes
> Task :expo-dev-menu-interface:compileDebugKotlin FROM-CACHE
> Task :expo-dev-menu-interface:compileDebugJavaWithJavac FROM-CACHE
> Task :expo-constants:compileDebugKotlin FROM-CACHE
> Task :expo-dev-menu-interface:bundleLibCompileToJarDebug
> Task :expo-dev-menu-interface:bundleLibRuntimeToJarDebug
> Task :expo-dev-menu-interface:processDebugJavaRes
> Task :expo-constants:compileDebugJavaWithJavac FROM-CACHE
> Task :expo-constants:bundleLibCompileToJarDebug
> Task :expo-constants:bundleLibRuntimeToJarDebug
> Task :expo-constants:processDebugJavaRes
> Task :expo-manifests:compileDebugKotlin FROM-CACHE
> Task :expo-manifests:compileDebugJavaWithJavac FROM-CACHE
> Task :expo-manifests:bundleLibCompileToJarDebug
> Task :expo-manifests:bundleLibRuntimeToJarDebug
> Task :expo-manifests:processDebugJavaRes
> Task :expo-dev-menu:compileDebugKotlin FROM-CACHE
> Task :expo-dev-menu:compileDebugJavaWithJavac FROM-CACHE
> Task :expo-dev-menu:processDebugJavaRes
> Task :expo-dev-menu:bundleLibCompileToJarDebug
> Task :expo-dev-menu:bundleLibRuntimeToJarDebug
> Task :app:configureCMakeDebug[x86_64]
> Task :expo-dev-launcher:compileDebugKotlin FROM-CACHE
> Task :expo-dev-launcher:compileDebugJavaWithJavac FROM-CACHE
> Task :expo-dev-launcher:processDebugJavaRes
> Task :expo-dev-launcher:bundleLibCompileToJarDebug
> Task :expo-dev-launcher:bundleLibRuntimeToJarDebug
> Task :expo:compileDebugKotlin FROM-CACHE
> Task :expo:compileDebugJavaWithJavac FROM-CACHE
> Task :expo:processDebugJavaRes
> Task :expo:bundleLibCompileToJarDebug
> Task :expo:bundleLibRuntimeToJarDebug
> Task :app:buildCMakeDebug[x86_64]
> Task :app:mergeLibDexDebug FROM-CACHE
> Task :app:mergeDebugJniLibFolders
> Task :app:validateSigningDebug
> Task :app:writeDebugAppMetadata
> Task :app:writeDebugSigningConfigVersions

> Task :app:compileDebugKotlin FAILED
node.exe : e: file:///C:/Users/EmrahM/ZMobilReact/android/app/src/main/java/com
/reactnativekeycloak/app/MainActivity.kt:18:14 Unresolved reference 'R'.
At line:1 char:1
+ & "C:\Program Files\nodejs/node.exe" "C:\Program Files\nodejs/node_mo ...
+ ~~~~~~~~~~~~~~~~~~~~~~~~~~~~~~~~~~~~~~~~~~~~~~~~~~~~~~~~~~~~~~~~~~~~~
    + CategoryInfo          : NotSpecified: (e: file:///C:/U... reference 'R'. 
   :String) [], RemoteException
    + FullyQualifiedErrorId : NativeCommandError
 
e: file:///C:/Users/EmrahM/ZMobilReact/android/app/src/main/java/com/reactnativ
ekeycloak/app/MainActivity.kt:35:11 Unresolved reference 'BuildConfig'.
e: file:///C:/Users/EmrahM/ZMobilReact/android/app/src/main/java/com/reactnativ
ekeycloak/app/MainApplication.kt:32:60 Unresolved reference 'BuildConfig'.
e: file:///C:/Users/EmrahM/ZMobilReact/android/app/src/main/java/com/reactnativ
ekeycloak/app/MainApplication.kt:34:52 Unresolved reference 'BuildConfig'.
e: file:///C:/Users/EmrahM/ZMobilReact/android/app/src/main/java/com/reactnativ
ekeycloak/app/MainApplication.kt:47:28 Unresolved reference 'BuildConfig'.
e: file:///C:/Users/EmrahM/ZMobilReact/android/app/src/main/java/com/reactnativ
ekeycloak/app/TrustAllSSLPackage.kt:35:18 Unresolved reference 'BuildConfig'.

> Task :expo-modules-core:buildCMakeDebug[x86_64]

[Incubating] Problems report is available at: file:///C:/Users/EmrahM/ZMobilReact/android/build/reports/problems/problems-report.html

FAILURE: Build failed with an exception.

* What went wrong:
Execution failed for task ':app:compileDebugKotlin'.
> A failure occurred while executing org.jetbrains.kotlin.compilerRunner.Gradle
CompilerRunnerWithWorkers$GradleKotlinCompilerWorkAction
   > Compilation error. See log for more details

* Try:
> Run with --stacktrace option to get the stack trace.
> Run with --info or --debug option to get more log output.
> Run with --scan to get full insights.
> Get more help at https://help.gradle.org.

Deprecated Gradle features were used in this build, making it incompatible with Gradle 9.0.

You can use '--warning-mode all' to show the individual deprecation warnings and determine if they come from your own scripts or plugins.

For more on this, please refer to https://docs.gradle.org/8.14.3/userguide/command_line_interface.html#sec:command_line_warnings in the Gradle documentation.
291 actionable tasks: 113 executed, 150 from cache, 28 up-to-date

BUILD FAILED in 27s
Error: C:\Users\EmrahM\ZMobilReact\android\gradlew.bat app:assembleDebug -x lin
t -x test --configure-on-demand --build-cache -PreactNativeDevServerPort=8081 -
PreactNativeArchitectures=x86_64,arm64-v8a exited with non-zero code: 1
Error: C:\Users\EmrahM\ZMobilReact\android\gradlew.bat app:assembleDebug -x lin
t -x test --configure-on-demand --build-cache -PreactNativeDevServerPort=8081 -
PreactNativeArchitectures=x86_64,arm64-v8a exited with non-zero code: 1
    at ChildProcess.completionListener (C:\Users\EmrahM\ZMobilReact\node_module
s\@expo\spawn-async\src\spawnAsync.ts:67:13)
    at Object.onceWrapper (node:events:623:26)
    at ChildProcess.emit (node:events:508:28)
    at ChildProcess.cp.emit (C:\Users\EmrahM\ZMobilReact\node_modules\cross-spa
wn\lib\enoent.js:34:29)
    at maybeClose (node:internal/child_process:1101:16)
    at Process.ChildProcess._handle.onexit (node:internal/child_process:305:5)
    ...
    at spawnAsync (C:\Users\EmrahM\ZMobilReact\node_modules\@expo\spawn-async\s
rc\spawnAsync.ts:28:21)
    at spawnGradleAsync (C:\Users\EmrahM\ZMobilReact\node_modules\expo\node_mod
ules\@expo\cli\src\start\platforms\android\gradle.ts:134:28)
    at assembleAsync (C:\Users\EmrahM\ZMobilReact\node_modules\expo\node_module
s\@expo\cli\src\start\platforms\android\gradle.ts:83:16)
    at runAndroidAsync (C:\Users\EmrahM\ZMobilReact\node_modules\expo\node_modu
les\@expo\cli\src\run\android\runAndroidAsync.ts:62:24)
